// Jest Snapshot v1, https://goo.gl/fbAQLP

exports[` 1`] = `
Object {
  "1": Object {
    "frets": Array [
      Object {
        "fretnumber": 0,
        "name": "E",
        "offsetNote": false,
        "rootNote": false,
        "targetName": "E",
      },
      Object {
        "fretnumber": 1,
        "name": "F",
        "offsetNote": false,
        "rootNote": false,
        "targetName": "F",
      },
      Object {
        "fretnumber": 2,
        "name": "F#",
        "offsetNote": false,
        "rootNote": false,
        "targetName": "F#/G♭",
      },
      Object {
        "fretnumber": 3,
        "name": "G",
        "offsetNote": false,
        "rootNote": false,
        "targetName": "G",
      },
      Object {
        "fretnumber": 4,
        "name": "G#",
        "offsetNote": false,
        "rootNote": false,
        "targetName": "G#/A♭",
      },
      Object {
        "fretnumber": 5,
        "name": "A",
        "offsetNote": false,
        "rootNote": false,
        "targetName": "A",
      },
      Object {
        "fretnumber": 6,
        "name": "A#",
        "offsetNote": false,
        "rootNote": false,
        "targetName": "A#/H♭",
      },
      Object {
        "fretnumber": 7,
        "name": "B",
        "offsetNote": false,
        "rootNote": false,
        "targetName": "B/H",
      },
      Object {
        "fretnumber": 8,
        "name": "C",
        "offsetNote": false,
        "rootNote": false,
        "targetName": "C",
      },
      Object {
        "fretnumber": 9,
        "name": "C#",
        "offsetNote": false,
        "rootNote": false,
        "targetName": "C#/D♭",
      },
      Object {
        "fretnumber": 10,
        "name": "D",
        "offsetNote": false,
        "rootNote": false,
        "targetName": "D",
      },
      Object {
        "fretnumber": 11,
        "name": "D#",
        "offsetNote": false,
        "rootNote": false,
        "targetName": "D#/E♭",
      },
      Object {
        "fretnumber": 12,
        "name": "E",
        "offsetNote": false,
        "rootNote": false,
        "targetName": "E",
      },
      Object {
        "fretnumber": 13,
        "name": "F",
        "offsetNote": false,
        "rootNote": false,
        "targetName": "F",
      },
      Object {
        "fretnumber": 14,
        "name": "F#",
        "offsetNote": false,
        "rootNote": false,
        "targetName": "F#/G♭",
      },
      Object {
        "fretnumber": 15,
        "name": "G",
        "offsetNote": false,
        "rootNote": false,
        "targetName": "G",
      },
      Object {
        "fretnumber": 16,
        "name": "G#",
        "offsetNote": false,
        "rootNote": false,
        "targetName": "G#/A♭",
      },
      Object {
        "fretnumber": 17,
        "name": "A",
        "offsetNote": false,
        "rootNote": false,
        "targetName": "A",
      },
      Object {
        "fretnumber": 18,
        "name": "A#",
        "offsetNote": false,
        "rootNote": false,
        "targetName": "A#/H♭",
      },
      Object {
        "fretnumber": 19,
        "name": "B",
        "offsetNote": false,
        "rootNote": false,
        "targetName": "B/H",
      },
    ],
    "stringNumber": 1,
  },
  "2": Object {
    "frets": Array [
      Object {
        "fretnumber": 0,
        "name": "B",
        "offsetNote": false,
        "rootNote": false,
        "targetName": "B/H",
      },
      Object {
        "fretnumber": 1,
        "name": "C",
        "offsetNote": false,
        "rootNote": false,
        "targetName": "C",
      },
      Object {
        "fretnumber": 2,
        "name": "C#",
        "offsetNote": false,
        "rootNote": false,
        "targetName": "C#/D♭",
      },
      Object {
        "fretnumber": 3,
        "name": "D",
        "offsetNote": false,
        "rootNote": false,
        "targetName": "D",
      },
      Object {
        "fretnumber": 4,
        "name": "D#",
        "offsetNote": false,
        "rootNote": false,
        "targetName": "D#/E♭",
      },
      Object {
        "fretnumber": 5,
        "name": "E",
        "offsetNote": false,
        "rootNote": false,
        "targetName": "E",
      },
      Object {
        "fretnumber": 6,
        "name": "F",
        "offsetNote": false,
        "rootNote": false,
        "targetName": "F",
      },
      Object {
        "fretnumber": 7,
        "name": "F#",
        "offsetNote": false,
        "rootNote": false,
        "targetName": "F#/G♭",
      },
      Object {
        "fretnumber": 8,
        "name": "G",
        "offsetNote": false,
        "rootNote": false,
        "targetName": "G",
      },
      Object {
        "fretnumber": 9,
        "name": "G#",
        "offsetNote": false,
        "rootNote": false,
        "targetName": "G#/A♭",
      },
      Object {
        "fretnumber": 10,
        "name": "A",
        "offsetNote": false,
        "rootNote": false,
        "targetName": "A",
      },
      Object {
        "fretnumber": 11,
        "name": "A#",
        "offsetNote": false,
        "rootNote": false,
        "targetName": "A#/H♭",
      },
      Object {
        "fretnumber": 12,
        "name": "B",
        "offsetNote": false,
        "rootNote": false,
        "targetName": "B/H",
      },
      Object {
        "fretnumber": 13,
        "name": "C",
        "offsetNote": false,
        "rootNote": false,
        "targetName": "C",
      },
      Object {
        "fretnumber": 14,
        "name": "C#",
        "offsetNote": false,
        "rootNote": false,
        "targetName": "C#/D♭",
      },
      Object {
        "fretnumber": 15,
        "name": "D",
        "offsetNote": false,
        "rootNote": false,
        "targetName": "D",
      },
      Object {
        "fretnumber": 16,
        "name": "D#",
        "offsetNote": false,
        "rootNote": false,
        "targetName": "D#/E♭",
      },
      Object {
        "fretnumber": 17,
        "name": "E",
        "offsetNote": false,
        "rootNote": false,
        "targetName": "E",
      },
      Object {
        "fretnumber": 18,
        "name": "F",
        "offsetNote": false,
        "rootNote": false,
        "targetName": "F",
      },
      Object {
        "fretnumber": 19,
        "name": "F#",
        "offsetNote": false,
        "rootNote": false,
        "targetName": "F#/G♭",
      },
    ],
    "stringNumber": 2,
  },
  "3": Object {
    "frets": Array [
      Object {
        "fretnumber": 0,
        "name": "G",
        "offsetNote": false,
        "rootNote": false,
        "targetName": "G",
      },
      Object {
        "fretnumber": 1,
        "name": "G#",
        "offsetNote": false,
        "rootNote": false,
        "targetName": "G#/A♭",
      },
      Object {
        "fretnumber": 2,
        "name": "A",
        "offsetNote": false,
        "rootNote": false,
        "targetName": "A",
      },
      Object {
        "fretnumber": 3,
        "name": "A#",
        "offsetNote": false,
        "rootNote": false,
        "targetName": "A#/H♭",
      },
      Object {
        "fretnumber": 4,
        "name": "B",
        "offsetNote": false,
        "rootNote": false,
        "targetName": "B/H",
      },
      Object {
        "fretnumber": 5,
        "name": "C",
        "offsetNote": false,
        "rootNote": false,
        "targetName": "C",
      },
      Object {
        "fretnumber": 6,
        "name": "C#",
        "offsetNote": false,
        "rootNote": false,
        "targetName": "C#/D♭",
      },
      Object {
        "fretnumber": 7,
        "name": "D",
        "offsetNote": false,
        "rootNote": false,
        "targetName": "D",
      },
      Object {
        "fretnumber": 8,
        "name": "D#",
        "offsetNote": false,
        "rootNote": false,
        "targetName": "D#/E♭",
      },
      Object {
        "fretnumber": 9,
        "name": "E",
        "offsetNote": false,
        "rootNote": false,
        "targetName": "E",
      },
      Object {
        "fretnumber": 10,
        "name": "F",
        "offsetNote": false,
        "rootNote": false,
        "targetName": "F",
      },
      Object {
        "fretnumber": 11,
        "name": "F#",
        "offsetNote": false,
        "rootNote": false,
        "targetName": "F#/G♭",
      },
      Object {
        "fretnumber": 12,
        "name": "G",
        "offsetNote": false,
        "rootNote": false,
        "targetName": "G",
      },
      Object {
        "fretnumber": 13,
        "name": "G#",
        "offsetNote": false,
        "rootNote": false,
        "targetName": "G#/A♭",
      },
      Object {
        "fretnumber": 14,
        "name": "A",
        "offsetNote": false,
        "rootNote": false,
        "targetName": "A",
      },
      Object {
        "fretnumber": 15,
        "name": "A#",
        "offsetNote": false,
        "rootNote": false,
        "targetName": "A#/H♭",
      },
      Object {
        "fretnumber": 16,
        "name": "B",
        "offsetNote": false,
        "rootNote": false,
        "targetName": "B/H",
      },
      Object {
        "fretnumber": 17,
        "name": "C",
        "offsetNote": false,
        "rootNote": false,
        "targetName": "C",
      },
      Object {
        "fretnumber": 18,
        "name": "C#",
        "offsetNote": false,
        "rootNote": false,
        "targetName": "C#/D♭",
      },
      Object {
        "fretnumber": 19,
        "name": "D",
        "offsetNote": false,
        "rootNote": false,
        "targetName": "D",
      },
    ],
    "stringNumber": 3,
  },
  "4": Object {
    "frets": Array [
      Object {
        "fretnumber": 0,
        "name": "D",
        "offsetNote": false,
        "rootNote": false,
        "targetName": "D",
      },
      Object {
        "fretnumber": 1,
        "name": "D#",
        "offsetNote": false,
        "rootNote": false,
        "targetName": "D#/E♭",
      },
      Object {
        "fretnumber": 2,
        "name": "E",
        "offsetNote": false,
        "rootNote": false,
        "targetName": "E",
      },
      Object {
        "fretnumber": 3,
        "name": "F",
        "offsetNote": false,
        "rootNote": false,
        "targetName": "F",
      },
      Object {
        "fretnumber": 4,
        "name": "F#",
        "offsetNote": false,
        "rootNote": false,
        "targetName": "F#/G♭",
      },
      Object {
        "fretnumber": 5,
        "name": "G",
        "offsetNote": false,
        "rootNote": false,
        "targetName": "G",
      },
      Object {
        "fretnumber": 6,
        "name": "G#",
        "offsetNote": false,
        "rootNote": false,
        "targetName": "G#/A♭",
      },
      Object {
        "fretnumber": 7,
        "name": "A",
        "offsetNote": false,
        "rootNote": false,
        "targetName": "A",
      },
      Object {
        "fretnumber": 8,
        "name": "A#",
        "offsetNote": false,
        "rootNote": false,
        "targetName": "A#/H♭",
      },
      Object {
        "fretnumber": 9,
        "name": "B",
        "offsetNote": false,
        "rootNote": false,
        "targetName": "B/H",
      },
      Object {
        "fretnumber": 10,
        "name": "C",
        "offsetNote": false,
        "rootNote": false,
        "targetName": "C",
      },
      Object {
        "fretnumber": 11,
        "name": "C#",
        "offsetNote": false,
        "rootNote": false,
        "targetName": "C#/D♭",
      },
      Object {
        "fretnumber": 12,
        "name": "D",
        "offsetNote": false,
        "rootNote": false,
        "targetName": "D",
      },
      Object {
        "fretnumber": 13,
        "name": "D#",
        "offsetNote": false,
        "rootNote": false,
        "targetName": "D#/E♭",
      },
      Object {
        "fretnumber": 14,
        "name": "E",
        "offsetNote": false,
        "rootNote": false,
        "targetName": "E",
      },
      Object {
        "fretnumber": 15,
        "name": "F",
        "offsetNote": false,
        "rootNote": false,
        "targetName": "F",
      },
      Object {
        "fretnumber": 16,
        "name": "F#",
        "offsetNote": false,
        "rootNote": false,
        "targetName": "F#/G♭",
      },
      Object {
        "fretnumber": 17,
        "name": "G",
        "offsetNote": false,
        "rootNote": false,
        "targetName": "G",
      },
      Object {
        "fretnumber": 18,
        "name": "G#",
        "offsetNote": false,
        "rootNote": false,
        "targetName": "G#/A♭",
      },
      Object {
        "fretnumber": 19,
        "name": "A",
        "offsetNote": false,
        "rootNote": false,
        "targetName": "A",
      },
    ],
    "stringNumber": 4,
  },
  "5": Object {
    "frets": Array [
      Object {
        "fretnumber": 0,
        "name": "A",
        "offsetNote": false,
        "rootNote": false,
        "targetName": "A",
      },
      Object {
        "fretnumber": 1,
        "name": "A#",
        "offsetNote": false,
        "rootNote": false,
        "targetName": "A#/H♭",
      },
      Object {
        "fretnumber": 2,
        "name": "B",
        "offsetNote": false,
        "rootNote": false,
        "targetName": "B/H",
      },
      Object {
        "fretnumber": 3,
        "name": "C",
        "offsetNote": false,
        "rootNote": false,
        "targetName": "C",
      },
      Object {
        "fretnumber": 4,
        "name": "C#",
        "offsetNote": false,
        "rootNote": false,
        "targetName": "C#/D♭",
      },
      Object {
        "fretnumber": 5,
        "name": "D",
        "offsetNote": false,
        "rootNote": false,
        "targetName": "D",
      },
      Object {
        "fretnumber": 6,
        "name": "D#",
        "offsetNote": false,
        "rootNote": false,
        "targetName": "D#/E♭",
      },
      Object {
        "fretnumber": 7,
        "name": "E",
        "offsetNote": false,
        "rootNote": false,
        "targetName": "E",
      },
      Object {
        "fretnumber": 8,
        "name": "F",
        "offsetNote": false,
        "rootNote": false,
        "targetName": "F",
      },
      Object {
        "fretnumber": 9,
        "name": "F#",
        "offsetNote": false,
        "rootNote": false,
        "targetName": "F#/G♭",
      },
      Object {
        "fretnumber": 10,
        "name": "G",
        "offsetNote": false,
        "rootNote": false,
        "targetName": "G",
      },
      Object {
        "fretnumber": 11,
        "name": "G#",
        "offsetNote": false,
        "rootNote": false,
        "targetName": "G#/A♭",
      },
      Object {
        "fretnumber": 12,
        "name": "A",
        "offsetNote": false,
        "rootNote": false,
        "targetName": "A",
      },
      Object {
        "fretnumber": 13,
        "name": "A#",
        "offsetNote": false,
        "rootNote": false,
        "targetName": "A#/H♭",
      },
      Object {
        "fretnumber": 14,
        "name": "B",
        "offsetNote": false,
        "rootNote": false,
        "targetName": "B/H",
      },
      Object {
        "fretnumber": 15,
        "name": "C",
        "offsetNote": false,
        "rootNote": false,
        "targetName": "C",
      },
      Object {
        "fretnumber": 16,
        "name": "C#",
        "offsetNote": false,
        "rootNote": false,
        "targetName": "C#/D♭",
      },
      Object {
        "fretnumber": 17,
        "name": "D",
        "offsetNote": false,
        "rootNote": false,
        "targetName": "D",
      },
      Object {
        "fretnumber": 18,
        "name": "D#",
        "offsetNote": false,
        "rootNote": false,
        "targetName": "D#/E♭",
      },
      Object {
        "fretnumber": 19,
        "name": "E",
        "offsetNote": false,
        "rootNote": false,
        "targetName": "E",
      },
    ],
    "stringNumber": 5,
  },
  "6": Object {
    "frets": Array [
      Object {
        "fretnumber": 0,
        "name": "E",
        "offsetNote": false,
        "rootNote": false,
        "targetName": "E",
      },
      Object {
        "fretnumber": 1,
        "name": "F",
        "offsetNote": false,
        "rootNote": false,
        "targetName": "F",
      },
      Object {
        "fretnumber": 2,
        "name": "F#",
        "offsetNote": false,
        "rootNote": false,
        "targetName": "F#/G♭",
      },
      Object {
        "fretnumber": 3,
        "name": "G",
        "offsetNote": false,
        "rootNote": false,
        "targetName": "G",
      },
      Object {
        "fretnumber": 4,
        "name": "G#",
        "offsetNote": false,
        "rootNote": false,
        "targetName": "G#/A♭",
      },
      Object {
        "fretnumber": 5,
        "name": "A",
        "offsetNote": false,
        "rootNote": false,
        "targetName": "A",
      },
      Object {
        "fretnumber": 6,
        "name": "A#",
        "offsetNote": false,
        "rootNote": false,
        "targetName": "A#/H♭",
      },
      Object {
        "fretnumber": 7,
        "name": "B",
        "offsetNote": false,
        "rootNote": false,
        "targetName": "B/H",
      },
      Object {
        "fretnumber": 8,
        "name": "C",
        "offsetNote": false,
        "rootNote": false,
        "targetName": "C",
      },
      Object {
        "fretnumber": 9,
        "name": "C#",
        "offsetNote": false,
        "rootNote": false,
        "targetName": "C#/D♭",
      },
      Object {
        "fretnumber": 10,
        "name": "D",
        "offsetNote": false,
        "rootNote": false,
        "targetName": "D",
      },
      Object {
        "fretnumber": 11,
        "name": "D#",
        "offsetNote": false,
        "rootNote": false,
        "targetName": "D#/E♭",
      },
      Object {
        "fretnumber": 12,
        "name": "E",
        "offsetNote": false,
        "rootNote": false,
        "targetName": "E",
      },
      Object {
        "fretnumber": 13,
        "name": "F",
        "offsetNote": false,
        "rootNote": false,
        "targetName": "F",
      },
      Object {
        "fretnumber": 14,
        "name": "F#",
        "offsetNote": false,
        "rootNote": false,
        "targetName": "F#/G♭",
      },
      Object {
        "fretnumber": 15,
        "name": "G",
        "offsetNote": false,
        "rootNote": false,
        "targetName": "G",
      },
      Object {
        "fretnumber": 16,
        "name": "G#",
        "offsetNote": false,
        "rootNote": false,
        "targetName": "G#/A♭",
      },
      Object {
        "fretnumber": 17,
        "name": "A",
        "offsetNote": false,
        "rootNote": false,
        "targetName": "A",
      },
      Object {
        "fretnumber": 18,
        "name": "A#",
        "offsetNote": false,
        "rootNote": false,
        "targetName": "A#/H♭",
      },
      Object {
        "fretnumber": 19,
        "name": "B",
        "offsetNote": false,
        "rootNote": false,
        "targetName": "B/H",
      },
    ],
    "stringNumber": 6,
  },
}
`;

exports[`notesOnAString markNotesOnTheFretboard should mark notes on the fretboard 1`] = `
Object {
  "1": Object {
    "frets": Array [
      Object {
        "fretnumber": 0,
        "name": "E",
        "offsetNote": false,
        "rootNote": false,
        "targetName": "E",
      },
      Object {
        "fretnumber": 1,
        "name": "F",
        "offsetNote": false,
        "rootNote": false,
        "targetName": "F",
      },
      Object {
        "fretnumber": 2,
        "name": "F#",
        "offsetNote": false,
        "rootNote": false,
        "targetName": "F#/G♭",
      },
      Object {
        "fretnumber": 3,
        "name": "G",
        "offsetNote": false,
        "rootNote": false,
        "targetName": "G",
      },
      Object {
        "fretnumber": 4,
        "name": "G#",
        "offsetNote": false,
        "rootNote": false,
        "targetName": "G#/A♭",
      },
      Object {
        "fretnumber": 5,
        "name": "A",
        "offsetNote": false,
        "rootNote": false,
        "targetName": "A",
      },
      Object {
        "fretnumber": 6,
        "name": "A#",
        "offsetNote": false,
        "rootNote": false,
        "targetName": "A#/H♭",
      },
      Object {
        "fretnumber": 7,
        "name": "B",
        "offsetNote": false,
        "rootNote": false,
        "targetName": "B/H",
      },
      Object {
        "fretnumber": 8,
        "name": "C",
        "offsetNote": false,
        "rootNote": true,
        "targetName": "C",
      },
      Object {
        "fretnumber": 9,
        "name": "C#",
        "offsetNote": false,
        "rootNote": false,
        "targetName": "C#/D♭",
      },
      Object {
        "fretnumber": 10,
        "name": "D",
        "offsetNote": true,
        "rootNote": false,
        "targetName": "D",
      },
      Object {
        "fretnumber": 11,
        "name": "D#",
        "offsetNote": false,
        "rootNote": false,
        "targetName": "D#/E♭",
      },
      Object {
        "fretnumber": 12,
        "name": "E",
        "offsetNote": false,
        "rootNote": false,
        "targetName": "E",
      },
      Object {
        "fretnumber": 13,
        "name": "F",
        "offsetNote": false,
        "rootNote": false,
        "targetName": "F",
      },
      Object {
        "fretnumber": 14,
        "name": "F#",
        "offsetNote": false,
        "rootNote": false,
        "targetName": "F#/G♭",
      },
      Object {
        "fretnumber": 15,
        "name": "G",
        "offsetNote": false,
        "rootNote": false,
        "targetName": "G",
      },
      Object {
        "fretnumber": 16,
        "name": "G#",
        "offsetNote": false,
        "rootNote": false,
        "targetName": "G#/A♭",
      },
      Object {
        "fretnumber": 17,
        "name": "A",
        "offsetNote": false,
        "rootNote": false,
        "targetName": "A",
      },
      Object {
        "fretnumber": 18,
        "name": "A#",
        "offsetNote": false,
        "rootNote": false,
        "targetName": "A#/H♭",
      },
      Object {
        "fretnumber": 19,
        "name": "B",
        "offsetNote": false,
        "rootNote": false,
        "targetName": "B/H",
      },
    ],
    "stringNumber": 1,
  },
  "2": Object {
    "frets": Array [
      Object {
        "fretnumber": 0,
        "name": "B",
        "offsetNote": false,
        "rootNote": false,
        "targetName": "B/H",
      },
      Object {
        "fretnumber": 1,
        "name": "C",
        "offsetNote": false,
        "rootNote": true,
        "targetName": "C",
      },
      Object {
        "fretnumber": 2,
        "name": "C#",
        "offsetNote": false,
        "rootNote": false,
        "targetName": "C#/D♭",
      },
      Object {
        "fretnumber": 3,
        "name": "D",
        "offsetNote": true,
        "rootNote": false,
        "targetName": "D",
      },
      Object {
        "fretnumber": 4,
        "name": "D#",
        "offsetNote": false,
        "rootNote": false,
        "targetName": "D#/E♭",
      },
      Object {
        "fretnumber": 5,
        "name": "E",
        "offsetNote": false,
        "rootNote": false,
        "targetName": "E",
      },
      Object {
        "fretnumber": 6,
        "name": "F",
        "offsetNote": false,
        "rootNote": false,
        "targetName": "F",
      },
      Object {
        "fretnumber": 7,
        "name": "F#",
        "offsetNote": false,
        "rootNote": false,
        "targetName": "F#/G♭",
      },
      Object {
        "fretnumber": 8,
        "name": "G",
        "offsetNote": false,
        "rootNote": false,
        "targetName": "G",
      },
      Object {
        "fretnumber": 9,
        "name": "G#",
        "offsetNote": false,
        "rootNote": false,
        "targetName": "G#/A♭",
      },
      Object {
        "fretnumber": 10,
        "name": "A",
        "offsetNote": false,
        "rootNote": false,
        "targetName": "A",
      },
      Object {
        "fretnumber": 11,
        "name": "A#",
        "offsetNote": false,
        "rootNote": false,
        "targetName": "A#/H♭",
      },
      Object {
        "fretnumber": 12,
        "name": "B",
        "offsetNote": false,
        "rootNote": false,
        "targetName": "B/H",
      },
      Object {
        "fretnumber": 13,
        "name": "C",
        "offsetNote": false,
        "rootNote": true,
        "targetName": "C",
      },
      Object {
        "fretnumber": 14,
        "name": "C#",
        "offsetNote": false,
        "rootNote": false,
        "targetName": "C#/D♭",
      },
      Object {
        "fretnumber": 15,
        "name": "D",
        "offsetNote": true,
        "rootNote": false,
        "targetName": "D",
      },
      Object {
        "fretnumber": 16,
        "name": "D#",
        "offsetNote": false,
        "rootNote": false,
        "targetName": "D#/E♭",
      },
      Object {
        "fretnumber": 17,
        "name": "E",
        "offsetNote": false,
        "rootNote": false,
        "targetName": "E",
      },
      Object {
        "fretnumber": 18,
        "name": "F",
        "offsetNote": false,
        "rootNote": false,
        "targetName": "F",
      },
      Object {
        "fretnumber": 19,
        "name": "F#",
        "offsetNote": false,
        "rootNote": false,
        "targetName": "F#/G♭",
      },
    ],
    "stringNumber": 2,
  },
  "3": Object {
    "frets": Array [
      Object {
        "fretnumber": 0,
        "name": "G",
        "offsetNote": false,
        "rootNote": false,
        "targetName": "G",
      },
      Object {
        "fretnumber": 1,
        "name": "G#",
        "offsetNote": false,
        "rootNote": false,
        "targetName": "G#/A♭",
      },
      Object {
        "fretnumber": 2,
        "name": "A",
        "offsetNote": false,
        "rootNote": false,
        "targetName": "A",
      },
      Object {
        "fretnumber": 3,
        "name": "A#",
        "offsetNote": false,
        "rootNote": false,
        "targetName": "A#/H♭",
      },
      Object {
        "fretnumber": 4,
        "name": "B",
        "offsetNote": false,
        "rootNote": false,
        "targetName": "B/H",
      },
      Object {
        "fretnumber": 5,
        "name": "C",
        "offsetNote": false,
        "rootNote": true,
        "targetName": "C",
      },
      Object {
        "fretnumber": 6,
        "name": "C#",
        "offsetNote": false,
        "rootNote": false,
        "targetName": "C#/D♭",
      },
      Object {
        "fretnumber": 7,
        "name": "D",
        "offsetNote": true,
        "rootNote": false,
        "targetName": "D",
      },
      Object {
        "fretnumber": 8,
        "name": "D#",
        "offsetNote": false,
        "rootNote": false,
        "targetName": "D#/E♭",
      },
      Object {
        "fretnumber": 9,
        "name": "E",
        "offsetNote": false,
        "rootNote": false,
        "targetName": "E",
      },
      Object {
        "fretnumber": 10,
        "name": "F",
        "offsetNote": false,
        "rootNote": false,
        "targetName": "F",
      },
      Object {
        "fretnumber": 11,
        "name": "F#",
        "offsetNote": false,
        "rootNote": false,
        "targetName": "F#/G♭",
      },
      Object {
        "fretnumber": 12,
        "name": "G",
        "offsetNote": false,
        "rootNote": false,
        "targetName": "G",
      },
      Object {
        "fretnumber": 13,
        "name": "G#",
        "offsetNote": false,
        "rootNote": false,
        "targetName": "G#/A♭",
      },
      Object {
        "fretnumber": 14,
        "name": "A",
        "offsetNote": false,
        "rootNote": false,
        "targetName": "A",
      },
      Object {
        "fretnumber": 15,
        "name": "A#",
        "offsetNote": false,
        "rootNote": false,
        "targetName": "A#/H♭",
      },
      Object {
        "fretnumber": 16,
        "name": "B",
        "offsetNote": false,
        "rootNote": false,
        "targetName": "B/H",
      },
      Object {
        "fretnumber": 17,
        "name": "C",
        "offsetNote": false,
        "rootNote": true,
        "targetName": "C",
      },
      Object {
        "fretnumber": 18,
        "name": "C#",
        "offsetNote": false,
        "rootNote": false,
        "targetName": "C#/D♭",
      },
      Object {
        "fretnumber": 19,
        "name": "D",
        "offsetNote": true,
        "rootNote": false,
        "targetName": "D",
      },
    ],
    "stringNumber": 3,
  },
  "4": Object {
    "frets": Array [
      Object {
        "fretnumber": 0,
        "name": "D",
        "offsetNote": true,
        "rootNote": false,
        "targetName": "D",
      },
      Object {
        "fretnumber": 1,
        "name": "D#",
        "offsetNote": false,
        "rootNote": false,
        "targetName": "D#/E♭",
      },
      Object {
        "fretnumber": 2,
        "name": "E",
        "offsetNote": false,
        "rootNote": false,
        "targetName": "E",
      },
      Object {
        "fretnumber": 3,
        "name": "F",
        "offsetNote": false,
        "rootNote": false,
        "targetName": "F",
      },
      Object {
        "fretnumber": 4,
        "name": "F#",
        "offsetNote": false,
        "rootNote": false,
        "targetName": "F#/G♭",
      },
      Object {
        "fretnumber": 5,
        "name": "G",
        "offsetNote": false,
        "rootNote": false,
        "targetName": "G",
      },
      Object {
        "fretnumber": 6,
        "name": "G#",
        "offsetNote": false,
        "rootNote": false,
        "targetName": "G#/A♭",
      },
      Object {
        "fretnumber": 7,
        "name": "A",
        "offsetNote": false,
        "rootNote": false,
        "targetName": "A",
      },
      Object {
        "fretnumber": 8,
        "name": "A#",
        "offsetNote": false,
        "rootNote": false,
        "targetName": "A#/H♭",
      },
      Object {
        "fretnumber": 9,
        "name": "B",
        "offsetNote": false,
        "rootNote": false,
        "targetName": "B/H",
      },
      Object {
        "fretnumber": 10,
        "name": "C",
        "offsetNote": false,
        "rootNote": true,
        "targetName": "C",
      },
      Object {
        "fretnumber": 11,
        "name": "C#",
        "offsetNote": false,
        "rootNote": false,
        "targetName": "C#/D♭",
      },
      Object {
        "fretnumber": 12,
        "name": "D",
        "offsetNote": true,
        "rootNote": false,
        "targetName": "D",
      },
      Object {
        "fretnumber": 13,
        "name": "D#",
        "offsetNote": false,
        "rootNote": false,
        "targetName": "D#/E♭",
      },
      Object {
        "fretnumber": 14,
        "name": "E",
        "offsetNote": false,
        "rootNote": false,
        "targetName": "E",
      },
      Object {
        "fretnumber": 15,
        "name": "F",
        "offsetNote": false,
        "rootNote": false,
        "targetName": "F",
      },
      Object {
        "fretnumber": 16,
        "name": "F#",
        "offsetNote": false,
        "rootNote": false,
        "targetName": "F#/G♭",
      },
      Object {
        "fretnumber": 17,
        "name": "G",
        "offsetNote": false,
        "rootNote": false,
        "targetName": "G",
      },
      Object {
        "fretnumber": 18,
        "name": "G#",
        "offsetNote": false,
        "rootNote": false,
        "targetName": "G#/A♭",
      },
      Object {
        "fretnumber": 19,
        "name": "A",
        "offsetNote": false,
        "rootNote": false,
        "targetName": "A",
      },
    ],
    "stringNumber": 4,
  },
  "5": Object {
    "frets": Array [
      Object {
        "fretnumber": 0,
        "name": "A",
        "offsetNote": false,
        "rootNote": false,
        "targetName": "A",
      },
      Object {
        "fretnumber": 1,
        "name": "A#",
        "offsetNote": false,
        "rootNote": false,
        "targetName": "A#/H♭",
      },
      Object {
        "fretnumber": 2,
        "name": "B",
        "offsetNote": false,
        "rootNote": false,
        "targetName": "B/H",
      },
      Object {
        "fretnumber": 3,
        "name": "C",
        "offsetNote": false,
        "rootNote": true,
        "targetName": "C",
      },
      Object {
        "fretnumber": 4,
        "name": "C#",
        "offsetNote": false,
        "rootNote": false,
        "targetName": "C#/D♭",
      },
      Object {
        "fretnumber": 5,
        "name": "D",
        "offsetNote": true,
        "rootNote": false,
        "targetName": "D",
      },
      Object {
        "fretnumber": 6,
        "name": "D#",
        "offsetNote": false,
        "rootNote": false,
        "targetName": "D#/E♭",
      },
      Object {
        "fretnumber": 7,
        "name": "E",
        "offsetNote": false,
        "rootNote": false,
        "targetName": "E",
      },
      Object {
        "fretnumber": 8,
        "name": "F",
        "offsetNote": false,
        "rootNote": false,
        "targetName": "F",
      },
      Object {
        "fretnumber": 9,
        "name": "F#",
        "offsetNote": false,
        "rootNote": false,
        "targetName": "F#/G♭",
      },
      Object {
        "fretnumber": 10,
        "name": "G",
        "offsetNote": false,
        "rootNote": false,
        "targetName": "G",
      },
      Object {
        "fretnumber": 11,
        "name": "G#",
        "offsetNote": false,
        "rootNote": false,
        "targetName": "G#/A♭",
      },
      Object {
        "fretnumber": 12,
        "name": "A",
        "offsetNote": false,
        "rootNote": false,
        "targetName": "A",
      },
      Object {
        "fretnumber": 13,
        "name": "A#",
        "offsetNote": false,
        "rootNote": false,
        "targetName": "A#/H♭",
      },
      Object {
        "fretnumber": 14,
        "name": "B",
        "offsetNote": false,
        "rootNote": false,
        "targetName": "B/H",
      },
      Object {
        "fretnumber": 15,
        "name": "C",
        "offsetNote": false,
        "rootNote": true,
        "targetName": "C",
      },
      Object {
        "fretnumber": 16,
        "name": "C#",
        "offsetNote": false,
        "rootNote": false,
        "targetName": "C#/D♭",
      },
      Object {
        "fretnumber": 17,
        "name": "D",
        "offsetNote": true,
        "rootNote": false,
        "targetName": "D",
      },
      Object {
        "fretnumber": 18,
        "name": "D#",
        "offsetNote": false,
        "rootNote": false,
        "targetName": "D#/E♭",
      },
      Object {
        "fretnumber": 19,
        "name": "E",
        "offsetNote": false,
        "rootNote": false,
        "targetName": "E",
      },
    ],
    "stringNumber": 5,
  },
  "6": Object {
    "frets": Array [
      Object {
        "fretnumber": 0,
        "name": "E",
        "offsetNote": false,
        "rootNote": false,
        "targetName": "E",
      },
      Object {
        "fretnumber": 1,
        "name": "F",
        "offsetNote": false,
        "rootNote": false,
        "targetName": "F",
      },
      Object {
        "fretnumber": 2,
        "name": "F#",
        "offsetNote": false,
        "rootNote": false,
        "targetName": "F#/G♭",
      },
      Object {
        "fretnumber": 3,
        "name": "G",
        "offsetNote": false,
        "rootNote": false,
        "targetName": "G",
      },
      Object {
        "fretnumber": 4,
        "name": "G#",
        "offsetNote": false,
        "rootNote": false,
        "targetName": "G#/A♭",
      },
      Object {
        "fretnumber": 5,
        "name": "A",
        "offsetNote": false,
        "rootNote": false,
        "targetName": "A",
      },
      Object {
        "fretnumber": 6,
        "name": "A#",
        "offsetNote": false,
        "rootNote": false,
        "targetName": "A#/H♭",
      },
      Object {
        "fretnumber": 7,
        "name": "B",
        "offsetNote": false,
        "rootNote": false,
        "targetName": "B/H",
      },
      Object {
        "fretnumber": 8,
        "name": "C",
        "offsetNote": false,
        "rootNote": true,
        "targetName": "C",
      },
      Object {
        "fretnumber": 9,
        "name": "C#",
        "offsetNote": false,
        "rootNote": false,
        "targetName": "C#/D♭",
      },
      Object {
        "fretnumber": 10,
        "name": "D",
        "offsetNote": true,
        "rootNote": false,
        "targetName": "D",
      },
      Object {
        "fretnumber": 11,
        "name": "D#",
        "offsetNote": false,
        "rootNote": false,
        "targetName": "D#/E♭",
      },
      Object {
        "fretnumber": 12,
        "name": "E",
        "offsetNote": false,
        "rootNote": false,
        "targetName": "E",
      },
      Object {
        "fretnumber": 13,
        "name": "F",
        "offsetNote": false,
        "rootNote": false,
        "targetName": "F",
      },
      Object {
        "fretnumber": 14,
        "name": "F#",
        "offsetNote": false,
        "rootNote": false,
        "targetName": "F#/G♭",
      },
      Object {
        "fretnumber": 15,
        "name": "G",
        "offsetNote": false,
        "rootNote": false,
        "targetName": "G",
      },
      Object {
        "fretnumber": 16,
        "name": "G#",
        "offsetNote": false,
        "rootNote": false,
        "targetName": "G#/A♭",
      },
      Object {
        "fretnumber": 17,
        "name": "A",
        "offsetNote": false,
        "rootNote": false,
        "targetName": "A",
      },
      Object {
        "fretnumber": 18,
        "name": "A#",
        "offsetNote": false,
        "rootNote": false,
        "targetName": "A#/H♭",
      },
      Object {
        "fretnumber": 19,
        "name": "B",
        "offsetNote": false,
        "rootNote": false,
        "targetName": "B/H",
      },
    ],
    "stringNumber": 6,
  },
}
`;
